2,2,2,2,2,1.9999,1.9999,1.9999,1.9998,1.9998,1.9997,1.9996,1.9995,1.9994,1.9992,1.999,1.9987,1.9984,1.998,1.9975,1.9969,1.9962,1.9953,1.9942,1.9928,1.9912,1.9891,1.9866,1.9836,1.9799,1.9754,1.9703,1.9648,1.9587,1.9521,1.9449,1.9372,1.929,1.9201,1.9107,1.9006,1.8899,1.8785,1.8665,1.8537,1.8402,1.8258,1.8106,1.7946,1.7776,1.7596,1.7405,1.7203,1.6988,1.676,1.6517,1.6258,1.5981,1.5684,1.5365,1.5021,1.4648,1.4242,1.3798,1.3309,1.2768,1.2169,1.1511,1.0822,1.0833,1.0864,1.0913,1.0977,1.1052,1.1135,1.123,1.123
